[    0.000000] Initializing cgroup subsys cpuset
[    0.000000] Initializing cgroup subsys cpu
[    0.000000] Initializing cgroup subsys cpuacct
[    0.000000] Linux version 4.4.0-127-generic (buildd@lcy01-amd64-023) (gcc version 5.4.0 20160609 (Ubuntu 5.4.0-6ubuntu1~16.04.9) ) #153-Ubuntu SMP Sat May 19 10:58:46 UTC 2018 (Ubuntu 4.4.0-127.153-generic 4.4.128)
[    0.000000] Command line: BOOT_IMAGE=/boot/vmlinuz-4.4.0-127-generic root=LABEL=cloudimg-rootfs ro console=tty1 console=ttyS0
[    0.000000] KERNEL supported cpus:
[    0.000000]   Intel GenuineIntel
[    0.000000]   AMD AuthenticAMD
[    0.000000]   Centaur CentaurHauls
[    0.000000] x86/fpu: xstate_offset[2]:  576, xstate_sizes[2]:  256
[    0.000000] x86/fpu: Supporting XSAVE feature 0x01: 'x87 floating point registers'
[    0.000000] x86/fpu: Supporting XSAVE feature 0x02: 'SSE registers'
[    0.000000] x86/fpu: Supporting XSAVE feature 0x04: 'AVX registers'
[    0.000000] x86/fpu: Enabled xstate features 0x7, context size is 832 bytes, using 'standard' format.
[    0.000000] x86/fpu: Using 'lazy' FPU context switches.
[    0.000000] e820: BIOS-provided physical RAM map:
[    0.000000] BIOS-e820: [mem 0x0000000000000000-0x000000000009fbff] usable
[    0.000000] BIOS-e820: [mem 0x000000000009fc00-0x000000000009ffff] reserved
[    0.000000] BIOS-e820: [mem 0x00000000000f0000-0x00000000000fffff] reserved
[    0.000000] BIOS-e820: [mem 0x0000000000100000-0x000000003ffeffff] usable
[    0.000000] BIOS-e820: [mem 0x000000003fff0000-0x000000003fffffff] ACPI data
[    0.000000] BIOS-e820: [mem 0x00000000fec00000-0x00000000fec00fff] reserved
[    0.000000] BIOS-e820: [mem 0x00000000fee00000-0x00000000fee00fff] reserved
[    0.000000] BIOS-e820: [mem 0x00000000fffc0000-0x00000000ffffffff] reserved
[    0.000000] NX (Execute Disable) protection: active
[    0.000000] SMBIOS 2.5 present.
[    0.000000] Hypervisor detected: KVM
[    0.000000] e820: last_pfn = 0x3fff0 max_arch_pfn = 0x400000000
[    0.000000] MTRR: Disabled
[    0.000000] x86/PAT: MTRRs disabled, skipping PAT initialization too.
[    0.000000] CPU MTRRs all blank - virtualized system.
[    0.000000] x86/PAT: Configuration [0-7]: WB  WT  UC- UC  WB  WT  UC- UC  
[    0.000000] found SMP MP-table at [mem 0x0009fff0-0x0009ffff] mapped at [ffff88000009fff0]
[    0.000000] Scanning 1 areas for low memory corruption
[    0.000000] RAMDISK: [mem 0x36ab4000-0x37551fff]
[    0.000000] ACPI: Early table checksum verification disabled
[    0.000000] ACPI: RSDP 0x00000000000E0000 000024 (v02 VBOX  )
[    0.000000] ACPI: XSDT 0x000000003FFF0030 00003C (v01 VBOX   VBOXXSDT 00000001 ASL  00000061)
[    0.000000] ACPI: FACP 0x000000003FFF00F0 0000F4 (v04 VBOX   VBOXFACP 00000001 ASL  00000061)
[    0.000000] ACPI: DSDT 0x000000003FFF0470 0021FF (v02 VBOX   VBOXBIOS 00000002 INTL 20100528)
[    0.000000] ACPI: FACS 0x000000003FFF0200 000040
[    0.000000] ACPI: FACS 0x000000003FFF0200 000040
[    0.000000] ACPI: APIC 0x000000003FFF0240 00005C (v02 VBOX   VBOXAPIC 00000001 ASL  00000061)
[    0.000000] ACPI: SSDT 0x000000003FFF02A0 0001CC (v01 VBOX   VBOXCPUT 00000002 INTL 20100528)
[    0.000000] No NUMA configuration found
[    0.000000] Faking a node at [mem 0x0000000000000000-0x000000003ffeffff]
[    0.000000] NODE_DATA(0) allocated [mem 0x3ffeb000-0x3ffeffff]
[    0.000000] kvm-clock: Using msrs 4b564d01 and 4b564d00
[    0.000000] kvm-clock: cpu 0, msr 0:3ffe3001, primary cpu clock
[    0.000000] kvm-clock: using sched offset of 12425618889 cycles
[    0.000000] clocksource: kvm-clock: mask: 0xffffffffffffffff max_cycles: 0x1cd42e4dffb, max_idle_ns: 881590591483 ns
[    0.000000] Zone ranges:
[    0.000000]   DMA      [mem 0x0000000000001000-0x0000000000ffffff]
[    0.000000]   DMA32    [mem 0x0000000001000000-0x000000003ffeffff]
[    0.000000]   Normal   empty
[    0.000000]   Device   empty
[    0.000000] Movable zone start for each node
[    0.000000] Early memory node ranges
[    0.000000]   node   0: [mem 0x0000000000001000-0x000000000009efff]
[    0.000000]   node   0: [mem 0x0000000000100000-0x000000003ffeffff]
[    0.000000] Initmem setup node 0 [mem 0x0000000000001000-0x000000003ffeffff]
[    0.000000] ACPI: PM-Timer IO Port: 0x4008
[    0.000000] IOAPIC[0]: apic_id 2, version 32, address 0xfec00000, GSI 0-23
[    0.000000] ACPI: INT_SRC_OVR (bus 0 bus_irq 0 global_irq 2 dfl dfl)
[    0.000000] ACPI: INT_SRC_OVR (bus 0 bus_irq 9 global_irq 9 low level)
[    0.000000] Using ACPI (MADT) for SMP configuration information
[    0.000000] smpboot: Allowing 2 CPUs, 0 hotplug CPUs
[    0.000000] PM: Registered nosave memory: [mem 0x00000000-0x00000fff]
[    0.000000] PM: Registered nosave memory: [mem 0x0009f000-0x0009ffff]
[    0.000000] PM: Registered nosave memory: [mem 0x000a0000-0x000effff]
[    0.000000] PM: Registered nosave memory: [mem 0x000f0000-0x000fffff]
[    0.000000] e820: [mem 0x40000000-0xfebfffff] available for PCI devices
[    0.000000] Booting paravirtualized kernel on KVM
[    0.000000] clocksource: refined-jiffies: mask: 0xffffffff max_cycles: 0xffffffff, max_idle_ns: 7645519600211568 ns
[    0.000000] setup_percpu: NR_CPUS:512 nr_cpumask_bits:512 nr_cpu_ids:2 nr_node_ids:1
[    0.000000] PERCPU: Embedded 34 pages/cpu @ffff88003fc00000 s99544 r8192 d31528 u1048576
[    0.000000] PV qspinlock hash table entries: 256 (order: 0, 4096 bytes)
[    0.000000] Built 1 zonelists in Node order, mobility grouping on.  Total pages: 257912
[    0.000000] Policy zone: DMA32
[    0.000000] Kernel command line: BOOT_IMAGE=/boot/vmlinuz-4.4.0-127-generic root=LABEL=cloudimg-rootfs ro console=tty1 console=ttyS0
[    0.000000] PID hash table entries: 4096 (order: 3, 32768 bytes)
[    0.000000] Memory: 1001648K/1048120K available (8537K kernel code, 1313K rwdata, 4000K rodata, 1512K init, 1316K bss, 46472K reserved, 0K cma-reserved)
[    0.000000] SLUB: HWalign=64, Order=0-3, MinObjects=0, CPUs=2, Nodes=1
[    0.000000] Kernel/User page tables isolation: enabled
[    0.000000] Hierarchical RCU implementation.
[    0.000000] 	Build-time adjustment of leaf fanout to 64.
[    0.000000] 	RCU restricting CPUs from NR_CPUS=512 to nr_cpu_ids=2.
[    0.000000] RCU: Adjusting geometry for rcu_fanout_leaf=64, nr_cpu_ids=2
[    0.000000] NR_IRQS:33024 nr_irqs:440 16
[    0.000000] Console: colour VGA+ 80x25
[    0.000000] console [tty1] enabled
[    0.000000] console [ttyS0] enabled
[    0.000000] tsc: Detected 2593.994 MHz processor
[    3.130643] Calibrating delay loop (skipped) preset value.. 5187.98 BogoMIPS (lpj=10375976)
[    3.178716] pid_max: default: 32768 minimum: 301
[    3.201385] ACPI: Core revision 20150930
[    3.225442] ACPI: 2 ACPI AML tables successfully acquired and loaded
[    3.264544] Security Framework initialized
[    3.286474] Yama: becoming mindful.
[    3.320004] AppArmor: AppArmor initialized
[    3.354664] Dentry cache hash table entries: 131072 (order: 8, 1048576 bytes)
[    3.399122] Inode-cache hash table entries: 65536 (order: 7, 524288 bytes)
[    3.436687] Mount-cache hash table entries: 2048 (order: 2, 16384 bytes)
[    3.470380] Mountpoint-cache hash table entries: 2048 (order: 2, 16384 bytes)
[    3.503670] Initializing cgroup subsys io
[    3.524146] Initializing cgroup subsys memory
[    3.546378] Initializing cgroup subsys devices
[    3.568517] Initializing cgroup subsys freezer
[    3.590468] Initializing cgroup subsys net_cls
[    3.611659] Initializing cgroup subsys perf_event
[    3.642533] Initializing cgroup subsys net_prio
[    3.667009] Initializing cgroup subsys hugetlb
[    3.690033] Initializing cgroup subsys pids
[    3.718299] CPU: Physical Processor ID: 0
[    3.741253] CPU: Processor Core ID: 0
[    3.766829] mce: CPU supports 0 MCE banks
[    3.793239] Last level iTLB entries: 4KB 1024, 2MB 1024, 4MB 1024
[    3.822150] Last level dTLB entries: 4KB 1024, 2MB 1024, 4MB 1024, 1GB 4
[    3.854662] Spectre V2 : Mitigation: Full generic retpoline
[    3.881266] Spectre V2 : Speculation control IBPB not-supported IBRS not-supported
[    3.913619] Speculative Store Bypass: Vulnerable
[    3.980867] Freeing SMP alternatives memory: 32K
[    4.142936] ftrace: allocating 32237 entries in 126 pages
[    4.795091] smpboot: APIC(0) Converting physical 0 to logical package 0
[    4.838325] smpboot: Max logical packages: 1
[    4.883187] x2apic enabled
[    4.906335] Switched APIC routing to physical x2apic.
[    4.963371] ..TIMER: vector=0x30 apic1=0 pin1=2 apic2=-1 pin2=-1
[    5.095083] smpboot: CPU0: Intel(R) Core(TM) i7-4510U CPU @ 2.00GHz (family: 0x6, model: 0x45, stepping: 0x1)
[    5.159559] Performance Events: unsupported p6 CPU model 69 no PMU driver, software events only.
[    5.207736] KVM setup paravirtual spinlock
[    5.232938] x86: Booting SMP configuration:
[    5.256952] .... node  #0, CPUs:      #1
[    5.281141] kvm-clock: cpu 1, msr 0:3ffe3041, secondary cpu clock
[    5.310609] mce: CPU supports 0 MCE banks
[    5.328446] x86: Booted up 1 node, 2 CPUs
[    5.353759] smpboot: Total of 2 processors activated (10375.97 BogoMIPS)
[    5.392791] devtmpfs: initialized
[    5.415459] evm: security.selinux
[    5.434464] evm: security.SMACK64
[    5.455102] evm: security.SMACK64EXEC
[    5.476931] evm: security.SMACK64TRANSMUTE
[    5.499860] evm: security.SMACK64MMAP
[    5.521184] evm: security.ima
[    5.540152] evm: security.capability
[    5.563047] clocksource: jiffies: mask: 0xffffffff max_cycles: 0xffffffff, max_idle_ns: 7645041785100000 ns
[    5.610213] futex hash table entries: 512 (order: 3, 32768 bytes)
[    5.642412] pinctrl core: initialized pinctrl subsystem
[    5.670311] RTC time: 15:36:27, date: 06/19/18
[    5.693793] NET: Registered protocol family 16
[    5.725729] cpuidle: using governor ladder
[    5.757811] cpuidle: using governor menu
[    5.778204] PCCT header not found.
[    5.796327] ACPI: bus type PCI registered
[    5.817383] acpiphp: ACPI Hot Plug PCI Controller Driver version: 0.5
[    5.847209] PCI: Using configuration type 1 for base access
[    5.894163] ACPI: Added _OSI(Module Device)
[    5.915001] ACPI: Added _OSI(Processor Device)
[    5.937677] ACPI: Added _OSI(3.0 _SCP Extensions)
[    5.960335] ACPI: Added _OSI(Processor Aggregator Device)
[    5.991655] ACPI: Executed 1 blocks of module-level executable AML code
[    6.032860] ACPI: Interpreter enabled
[    6.052421] ACPI: (supports S0 S5)
[    6.071260] ACPI: Using IOAPIC for interrupt routing
[    6.096468] PCI: Using host bridge windows from ACPI; if necessary, use "pci=nocrs" and report a bug
[    6.174606] ACPI: PCI Root Bridge [PCI0] (domain 0000 [bus 00-ff])
[    6.207661] acpi PNP0A03:00: _OSC: OS supports [ASPM ClockPM Segments MSI]
[    6.246486] acpi PNP0A03:00: _OSC: not requesting OS control; OS requires [ExtendedConfig ASPM ClockPM MSI]
[    6.292827] acpi PNP0A03:00: fail to add MMCONFIG information, can't access extended PCI configuration space under this bridge.
[    6.348928] PCI host bridge to bus 0000:00
[    6.370166] pci_bus 0000:00: root bus resource [io  0x0000-0x0cf7 window]
[    6.399903] pci_bus 0000:00: root bus resource [io  0x0d00-0xffff window]
[    6.429773] pci_bus 0000:00: root bus resource [mem 0x000a0000-0x000bffff window]
[    6.466531] pci_bus 0000:00: root bus resource [mem 0x40000000-0xfdffffff window]
[    6.504020] pci_bus 0000:00: root bus resource [bus 00-ff]
[    6.575277] pci 0000:00:01.1: legacy IDE quirk: reg 0x10: [io  0x01f0-0x01f7]
[    6.607501] pci 0000:00:01.1: legacy IDE quirk: reg 0x14: [io  0x03f6]
[    6.640466] pci 0000:00:01.1: legacy IDE quirk: reg 0x18: [io  0x0170-0x0177]
[    6.895444] pci 0000:00:01.1: legacy IDE quirk: reg 0x1c: [io  0x0376]
[    7.103092] pci 0000:00:07.0: quirk: [io  0x4000-0x403f] claimed by PIIX4 ACPI
[    7.142068] pci 0000:00:07.0: quirk: [io  0x4100-0x410f] claimed by PIIX4 SMB
[    7.233554] ACPI: PCI Interrupt Link [LNKA] (IRQs 5 9 10 *11)
[    7.292458] ACPI: PCI Interrupt Link [LNKB] (IRQs 5 9 *10 11)
[    7.335912] ACPI: PCI Interrupt Link [LNKC] (IRQs 5 *9 10 11)
[    7.377514] ACPI: PCI Interrupt Link [LNKD] (IRQs 5 9 10 *11)
[    7.419873] ACPI: Enabled 2 GPEs in block 00 to 07
[    7.450899] vgaarb: setting as boot device: PCI:0000:00:02.0
[    7.477604] vgaarb: device added: PCI:0000:00:02.0,decodes=io+mem,owns=io+mem,locks=none
[    7.516871] vgaarb: loaded
[    7.533437] vgaarb: bridge control possible 0000:00:02.0
[    7.560469] SCSI subsystem initialized
[    7.581331] ACPI: bus type USB registered
[    7.602457] usbcore: registered new interface driver usbfs
[    7.631790] usbcore: registered new interface driver hub
[    7.659751] usbcore: registered new device driver usb
[    7.692524] PCI: Using ACPI for IRQ routing
[    7.721957] NetLabel: Initializing
[    7.741801] NetLabel:  domain hash size = 128
[    7.765673] NetLabel:  protocols = UNLABELED CIPSOv4
[    7.792348] NetLabel:  unlabeled traffic allowed by default
[    7.823760] amd_nb: Cannot enumerate AMD northbridges
[    7.848684] clocksource: Switched to clocksource kvm-clock
[    7.895087] AppArmor: AppArmor Filesystem Enabled
[    7.918913] pnp: PnP ACPI init
[    7.945947] pnp: PnP ACPI: found 3 devices
[    8.032240] clocksource: acpi_pm: mask: 0xffffff max_cycles: 0xffffff, max_idle_ns: 2085701024 ns
[    8.075056] NET: Registered protocol family 2
[    8.097708] TCP established hash table entries: 8192 (order: 4, 65536 bytes)
[    8.130499] TCP bind hash table entries: 8192 (order: 5, 131072 bytes)
[    8.159840] TCP: Hash tables configured (established 8192 bind 8192)
[    8.189043] UDP hash table entries: 512 (order: 2, 16384 bytes)
[    8.215769] UDP-Lite hash table entries: 512 (order: 2, 16384 bytes)
[    8.253586] NET: Registered protocol family 1
[    8.278216] pci 0000:00:00.0: Limiting direct PCI/PCI transfers
[    8.306122] pci 0000:00:01.0: Activating ISA DMA hang workarounds
[    8.340452] Unpacking initramfs...
[   11.345896] Freeing initrd memory: 10872K
[   11.365966] RAPL PMU detected, API unit is 2^-32 Joules, 4 fixed counters 10737418240 ms ovfl timer
[   11.408910] hw unit of domain pp0-core 2^-0 Joules
[   11.431156] hw unit of domain package 2^-0 Joules
[   11.454384] hw unit of domain dram 2^-0 Joules
[   11.475990] hw unit of domain pp1-gpu 2^-0 Joules
[   11.499511] platform rtc_cmos: registered platform RTC device (no PNP device found)
[   11.537815] Scanning for low memory corruption every 60 seconds
[   11.567616] audit: initializing netlink subsys (disabled)
[   11.595339] audit: type=2000 audit(1529422600.394:1): initialized
[   11.630008] Initialise system trusted keyring
[   11.657079] HugeTLB registered 2 MB page size, pre-allocated 0 pages
[   11.689912] zbud: loaded
[   11.706192] VFS: Disk quotas dquot_6.6.0
[   11.725586] VFS: Dquot-cache hash table entries: 512 (order 0, 4096 bytes)
[   11.754980] squashfs: version 4.0 (2009/01/31) Phillip Lougher
[   11.783395] fuse init (API version 7.23)
[   11.804506] Key type big_key registered
[   11.823801] Allocating IMA MOK and blacklist keyrings.
[   11.866030] Key type asymmetric registered
[   11.886795] Asymmetric key parser 'x509' registered
[   11.910037] Block layer SCSI generic (bsg) driver version 0.4 loaded (major 249)
[   11.947357] io scheduler noop registered
[   11.967437] io scheduler deadline registered (default)
[   11.991006] io scheduler cfq registered
[   12.010600] pci_hotplug: PCI Hot Plug PCI Core version: 0.5
[   12.036032] pciehp: PCI Express Hot Plug Controller Driver version: 0.4
[   12.065343] ACPI: AC Adapter [AC] (on-line)
[   12.086382] input: Power Button as /devices/LNXSYSTM:00/LNXPWRBN:00/input/input0
[   12.123053] ACPI: Power Button [PWRF]
[   12.144192] input: Sleep Button as /devices/LNXSYSTM:00/LNXSLPBN:00/input/input1
[   12.181878] ACPI: Sleep Button [SLPF]
[   12.202742] GHES: HEST is not enabled!
[   12.209814] ACPI: Battery Slot [BAT0] (battery present)
[   12.258482] Serial: 8250/16550 driver, 32 ports, IRQ sharing enabled
[   12.374325] 00:02: ttyS0 at I/O 0x3f8 (irq = 4, base_baud = 115200) is a 16550A
[   12.411678] Linux agpgart interface v0.103
[   12.438656] loop: module loaded
[   12.462124] scsi host0: ata_piix
[   12.480833] scsi host1: ata_piix
[   12.498065] ata1: PATA max UDMA/33 cmd 0x1f0 ctl 0x3f6 bmdma 0xd000 irq 14
[   12.527884] ata2: PATA max UDMA/33 cmd 0x170 ctl 0x376 bmdma 0xd008 irq 15
[   12.562726] libphy: Fixed MDIO Bus: probed
[   12.583758] tun: Universal TUN/TAP device driver, 1.6
[   12.607709] tun: (C) 1999-2004 Max Krasnyansky <maxk@qualcomm.com>
[   12.636738] PPP generic driver version 2.4.2
[   12.657780] ehci_hcd: USB 2.0 'Enhanced' Host Controller (EHCI) Driver
[   12.689686] ehci-pci: EHCI PCI platform driver
[   12.714085] ehci-platform: EHCI generic platform driver
[   12.743577] ohci_hcd: USB 1.1 'Open' Host Controller (OHCI) Driver
[   12.772964] ohci-pci: OHCI PCI platform driver
[   12.794330] ohci-platform: OHCI generic platform driver
[   12.818350] uhci_hcd: USB Universal Host Controller Interface driver
[   12.846199] i8042: PNP: PS/2 Controller [PNP0303:PS2K,PNP0f03:PS2M] at 0x60,0x64 irq 1,12
[   12.894050] serio: i8042 KBD port at 0x60,0x64 irq 1
[   12.917139] serio: i8042 AUX port at 0x60,0x64 irq 12
[   12.942432] mousedev: PS/2 mouse device common for all mice
[   12.973920] rtc_cmos rtc_cmos: rtc core: registered rtc_cmos as rtc0
[   13.005152] input: AT Translated Set 2 keyboard as /devices/platform/i8042/serio0/input/input2
[   13.044679] rtc_cmos rtc_cmos: alarms up to one day, 114 bytes nvram
[   13.072180] i2c /dev entries driver
[   13.091186] device-mapper: uevent: version 1.0.3
[   13.115430] device-mapper: ioctl: 4.34.0-ioctl (2015-10-28) initialised: dm-devel@redhat.com
[   13.155873] ledtrig-cpu: registered to indicate activity on CPUs
[   13.187663] NET: Registered protocol family 10
[   13.212345] NET: Registered protocol family 17
[   13.240144] Key type dns_resolver registered
[   13.266243] registered taskstats version 1
[   13.287546] Loading compiled-in X.509 certificates
[   13.311355] Loaded X.509 cert 'Build time autogenerated kernel key: 9f6f572a3ee0cb468eb8db4aa61815bc74ef6adb'
[   13.358445] zswap: loaded using pool lzo/zbud
[   13.387451] Key type trusted registered
[   13.417597] Key type encrypted registered
[   13.437867] AppArmor: AppArmor sha1 policy hashing enabled
[   13.463598] ima: No TPM chip found, activating TPM-bypass!
[   13.489864] evm: HMAC attrs: 0x1
[   13.512314]   Magic number: 6:599:639
[   13.532349] rtc_cmos rtc_cmos: setting system clock to 2018-06-19 15:36:34 UTC (1529422594)
[   13.572359] BIOS EDD facility v0.16 2004-Jun-25, 0 devices found
[   13.600088] EDD information not available.
[   13.630213] Freeing unused kernel memory: 1512K
[   13.652155] Write protecting the kernel read-only data: 14336k
[   13.681991] Freeing unused kernel memory: 1692K
[   13.705489] Freeing unused kernel memory: 96K
Loading, please wait...
starting version[   13.775654] random: udevadm: uninitialized urandom read (16 bytes read, 4 bits of entropy available)
 229
[   13.778217] random: systemd-udevd: uninitialized urandom read (16 bytes read, 4 bits of entropy available)
[   13.778457] random: systemd-udevd: uninitialized urandom read (16 bytes read, 4 bits of entropy available)
[   13.778469] random: systemd-udevd: uninitialized urandom read (16 bytes read, 4 bits of entropy available)
[   13.778482] random: systemd-udevd: uninitialized urandom read (16 bytes read, 4 bits of entropy available)
[   14.002649] random: udevadm: uninitialized urandom read (16 bytes read, 4 bits of entropy available)
[   14.054117] random: systemd-udevd: uninitialized urandom read (16 bytes read, 4 bits of entropy available)
[   14.059199] random: udevadm: uninitialized urandom read (16 bytes read, 4 bits of entropy available)
[   14.059256] random: udevadm: uninitialized urandom read (16 bytes read, 4 bits of entropy available)
[   14.059579] random: udevadm: uninitialized urandom read (16 bytes read, 4 bits of entropy available)
[   14.305850] e1000: Intel(R) PRO/1000 Network Driver - version 7.3.21-k8-NAPI
[   14.339301] e1000: Copyright (c) 1999-2006 Intel Corporation.
[   14.420180] Fusion MPT base driver 3.04.20
[   14.442053] Copyright (c) 1999-2008 LSI Corporation
[   14.488130] Fusion MPT SPI Host driver 3.04.20
[   14.536680] AVX2 version of gcm_enc/dec engaged.
[   14.561976] AES CTR mode by8 optimization enabled
[   14.885848] input: ImExPS/2 Generic Explorer Mouse as /devices/platform/i8042/serio1/input/input4
[   16.668129] e1000 0000:00:03.0 eth0: (PCI:33MHz:32-bit) 02:e4:ac:f5:39:a9
[   16.698950] e1000 0000:00:03.0 eth0: Intel(R) PRO/1000 Network Connection
[   16.736690] mptbase: ioc0: Initiating bringup
[   16.738647] e1000 0000:00:03.0 enp0s3: renamed from eth0
[   17.593248] ioc0: LSI53C1030 A0: Capabilities={Initiator}
[   19.499227] scsi host2: ioc0: LSI53C1030 A0, FwRev=00000000h, Ports=1, MaxQ=256, IRQ=20
[   21.514939] scsi 2:0:0:0: Direct-Access     VBOX     HARDDISK         1.0  PQ: 0 ANSI: 5
[   21.561344] scsi target2:0:0: Beginning Domain Validation
[   21.640745] scsi target2:0:0: Domain Validation skipping write tests
[   21.671719] scsi target2:0:0: Ending Domain Validation
[   21.699956] scsi target2:0:0: asynchronous
[   21.738942] scsi 2:0:1:0: Direct-Access     VBOX     HARDDISK         1.0  PQ: 0 ANSI: 5
[   22.021634] scsi target2:0:1: Beginning Domain Validation
[   22.063083] scsi target2:0:1: Domain Validation skipping write tests
[   22.092796] scsi target2:0:1: Ending Domain Validation
[   22.118282] scsi target2:0:1: asynchronous
[   22.186855] sd 2:0:0:0: Attached scsi generic sg0 type 0
[   22.213048] sd 2:0:0:0: [sda] 20971520 512-byte logical blocks: (10.7 GB/10.0 GiB)
[   22.213679] sd 2:0:1:0: Attached scsi generic sg1 type 0
[   22.280645] sd 2:0:1:0: [sdb] 20480 512-byte logical blocks: (10.5 MB/10.0 MiB)
[   22.281171] sd 2:0:0:0: [sda] Write Protect is off
[   22.281743] sd 2:0:0:0: [sda] Incomplete mode parameter data
[   22.281745] sd 2:0:0:0: [sda] Assuming drive cache: write through
[   22.346971]  sda: sda1
[   22.350598] sd 2:0:0:0: [sda] Attached SCSI disk
[   22.442168] sd 2:0:1:0: [sdb] Write Protect is off
[   22.471341] sd 2:0:1:0: [sdb] Incomplete mode parameter data
[   22.501279] sd 2:0:1:0: [sdb] Assuming drive cache: write through
[   22.553412] sd 2:0:1:0: [sdb] Attached SCSI disk
Begin: Loading essential drivers ... [   29.676409] md: linear personality registered for level -1
[   29.714191] md: multipath personality registered for level -4
[   29.749947] md: raid0 personality registered for level 0
[   29.786047] md: raid1 personality registered for level 1
[   29.889156] raid6: sse2x1   gen()  5856 MB/s
[   29.977214] raid6: sse2x1   xor()  4091 MB/s
[   30.065309] raid6: sse2x2   gen()  7106 MB/s
[   30.156981] raid6: sse2x2   xor()  3686 MB/s
[   30.244858] raid6: sse2x4   gen()  7712 MB/s
[   30.332769] raid6: sse2x4   xor()  6672 MB/s
[   30.421331] raid6: avx2x1   gen() 10715 MB/s
[   30.509024] raid6: avx2x2   gen() 14480 MB/s
[   30.597308] raid6: avx2x4   gen() 16564 MB/s
[   30.620504] raid6: using algorithm avx2x4 gen() 16564 MB/s
[   30.646628] raid6: using avx2x2 recovery algorithm
[   30.674506] xor: automatically using best checksumming function:
[   30.740866]    avx       : 14156.000 MB/sec
[   30.765745] async_tx: api initialized (async)
[   30.813010] md: raid6 personality registered for level 6
[   30.839042] md: raid5 personality registered for level 5
[   30.866304] md: raid4 personality registered for level 4
[   30.907520] md: raid10 personality registered for level 10
done.
Begin: Running /scripts/init-premount ... done.
Begin: Mounting root file system ... Begin: Running /scripts/local-top ... done.
Begin: Running /scripts/local-premount ... [   31.068976] Btrfs loaded
Scanning for Btrfs filesystems
done.
Warning: fsck not present, so skipping root file system
[   31.200121] EXT4-fs (sda1): mounted filesystem with ordered data mode. Opts: (null)
done.
Begin: Running /scripts/local-bottom ... done.
Begin: Running /scripts/init-bottom ... done.
[   31.554365] systemd[1]: systemd 229 running in system mode. (+PAM +AUDIT +SELINUX +IMA +APPARMOR +SMACK +SYSVINIT +UTMP +LIBCRYPTSETUP +GCRYPT +GNUTLS +ACL +XZ -LZ4 +SECCOMP +BLKID +ELFUTILS +KMOD -IDN)
[   31.637902] systemd[1]: Detected virtualization oracle.
[   31.663998] systemd[1]: Detected architecture x86-64.

Welcome to [1mUbuntu 16.04.4 LTS[0m!

[   31.715409] systemd[1]: Set hostname to <ubuntu>.
[   31.752263] systemd[1]: Initializing machine ID from random generator.
[   31.783051] systemd[1]: Installed transient /etc/machine-id file.
[   32.154275] systemd[1]: Listening on /dev/initctl Compatibility Named Pipe.
[[0;32m  OK  [0m] Listening on /dev/initctl Compatibility Named Pipe.
[   32.212246] systemd[1]: Listening on Journal Audit Socket.
[[0;32m  OK  [0m] Listening on Journal Audit Socket.
[   32.276757] systemd[1]: Reached target User and Group Name Lookups.
[[0;32m  OK  [0m] Reached target User and Group Name Lookups.
[   32.335237] systemd[1]: Created slice System Slice.
[[0;32m  OK  [0m] Created slice System Slice.
[   32.390018] systemd[1]: Created slice system-serial\x2dgetty.slice.
[[0;32m  OK  [0m] Created slice system-serial\x2dgetty.slice.
[   32.443452] systemd[1]: Listening on udev Control Socket.
[[0;32m  OK  [0m] Listening on udev Control Socket.
[   32.490316] systemd[1]: Listening on LVM2 poll daemon socket.
[[0;32m  OK  [0m] Listening on LVM2 poll daemon socket.
[   32.543821] systemd[1]: Listening on Journal Socket.
[[0;32m  OK  [0m] Listening on Journal Socket.
[   32.605524] systemd[1]: Starting Remount Root and Kernel File Systems...
[   32.618979] EXT4-fs (sda1): re-mounted. Opts: (null)
         Starting Remount Root and Kernel File Systems...
[   32.688048] systemd[1]: Mounting Debug File System...
         Mounting Debug File System...
[   32.737584] systemd[1]: Starting Create list of required static device nodes for the current kernel...
[   32.739117] random: nonblocking pool is initialized
         Starting Create list of required st... nodes for the current kernel...
[   32.834729] systemd[1]: Reached target Encrypted Volumes.
[[0;32m  OK  [0m] Reached target Encrypted Volumes.
[   32.902404] systemd[1]: Starting Uncomplicated firewall...
         Starting Uncomplicated firewall...
[   32.952812] systemd[1]: Starting Load Kernel Modules...
[   32.988925] Loading iSCSI transport class v2.0-870.
         Starting Load Kernel Modules...
[   33.025984] systemd[1]: Created slice User and Session Slice.
[[0;32m  OK  [0m] Created slice User and Session Slice.
[   33.087369] iscsi: registered transport (tcp)
[   33.118347] systemd[1]: Starting Set console keymap...
         Starting Set console keymap...
[   33.178428] systemd[1]: Listening on Syslog Socket.
[[0;32m  OK  [0m] Listening on Syslog Socket.
[   33.257570] systemd[1]: Started Trigger resolvconf update for networkd DNS.
[[0;32m  OK  [0m] Started Trigger resolvconf update for networkd DNS.
[   33.328980] systemd[1]: Reached target Swap.
[[0;32m  OK  [0m] Reached target Swap.
[   33.390240] iscsi: registered transport (iser)
[   33.421174] systemd[1]: Mounting Huge Pages File System...
         Mounting Huge Pages File System...
[   33.467825] systemd[1]: Listening on LVM2 metadata daemon socket.
[[0;32m  OK  [0m] Listening on LVM2 metadata daemon socket.
[   33.519294] systemd[1]: Reached target Slices.
[[0;32m  OK  [0m] Reached target Slices.
[   33.559958] systemd[1]: Set up automount Arbitrary Executable File Formats File System Automount Point.
[[0;32m  OK  [0m] Set up automount Arbitrary Executab...ats File System Automount Point.
[   33.641702] systemd[1]: Started Forward Password Requests to Wall Directory Watch.
[[0;32m  OK  [0m] Started Forward Password Requests to Wall Directory Watch.
[   33.725565] systemd[1]: Mounting POSIX Message Queue File System...
         Mounting POSIX Message Queue File System...
[   33.785861] systemd[1]: Starting Nameserver information manager...
         Starting Nameserver information manager...
[   33.844656] systemd[1]: Listening on Device-mapper event daemon FIFOs.
[[0;32m  OK  [0m] Listening on Device-mapper event daemon FIFOs.
[   33.901128] systemd[1]: Listening on udev Kernel Socket.
[[0;32m  OK  [0m] Listening on udev Kernel Socket.
[   33.961946] systemd[1]: Starting Monitoring of LVM2 mirrors, snapshots etc. using dmeventd or progress polling...
         Starting Monitoring of LVM2 mirrors... dmeventd or progress polling...
[   34.043022] systemd[1]: Listening on Journal Socket (/dev/log).
[[0;32m  OK  [0m] Listening on Journal Socket (/dev/log).
[   34.093367] systemd[1]: Starting Journal Service...
         Starting Journal Service...
[   34.150100] systemd[1]: Reached target System Time Synchronized.
[[0;32m  OK  [0m] Reached target System Time Synchronized.
[   34.206823] systemd[1]: Mounted Huge Pages File System.
[[0;32m  OK  [0m] Mounted Huge Pages File System.
[   34.268956] systemd[1]: Mounted POSIX Message Queue File System.
[[0;32m  OK  [0m] Mounted POSIX Message Queue File System.
[   34.325869] systemd[1]: Mounted Debug File System.
[[0;32m  OK  [0m] Mounted Debug File System.
[   34.384648] systemd[1]: Started Journal Service.
[[0;32m  OK  [0m] Started Journal Service.
[[0;32m  OK  [0m] Started Remount Root and Kernel File Systems.
[[0;32m  OK  [0m] Started Create list of required sta...ce nodes for the current kernel.
[[0;32m  OK  [0m] Started Uncomplicated firewall.
[[0;32m  OK  [0m] Started Load Kernel Modules.
[[0;32m  OK  [0m] Started Set console keymap.
[[0;32m  OK  [0m] Started Nameserver information manager.
[[0;32m  OK  [0m] Started LVM2 metadata daemon.
         Mounting FUSE Control File System...
         Starting Apply Kernel Variables...
         Starting Create Static Device Nodes in /dev...
         Starting Load/Save Random Seed...
         Starting udev Coldplug all Devices...
         Starting Flush Journal to Persistent Storage...
[[0;32m  OK  [0m] Mounted FUSE Control File System.
[[0;32m  OK  [0m] Started Apply Kernel Variables.
[[0;32m  OK  [0m] Started Create Static Device Nodes in /dev.
[[0;32m  OK  [0m] Started Load/Save Random Seed.
[[0;32m  OK  [0m] Started Monitoring of LVM2 mirrors,...ng dmeventd or progress polling.
[[0;32m  OK  [0m] Started udev Coldplug all Devices.
[[0;32m  OK  [0m] Started Flush Journal to Persistent Storage.
         Starting udev Kernel Device Manager...
[[0;32m  OK  [0m] Started udev Kernel Device Manager.
[[0;32m  OK  [0m] Started Dispatch Password Requests to Console Directory Watch.
[[0;32m  OK  [0m] Reached target Local File Systems (Pre).
[[0;32m  OK  [0m] Reached target Local File Systems.
         Starting Set console font and keymap...
         Starting Commit a transient machine-id on disk...
         Starting LSB: AppArmor initialization...
         Starting Create Volatile Files and Directories...
         Starting Tell Plymouth To Write Out Runtime Data...
         Starting Initial cloud-init job (pre-networking)...
[[0;32m  OK  [0m] Started Commit a transient machine-id on disk.
[[0;32m  OK  [0m] Started Tell Plymouth To Write Out Runtime Data.
[[0;32m  OK  [0m] Started Create Volatile Files and Directories.
         Starting Update UTMP about System Boot/Shutdown...
[[0;32m  OK  [0m] Started Update UTMP about System Boot/Shutdown.
[[0;32m  OK  [0m] Found device /dev/ttyS0.
[[0;32m  OK  [0m] Listening on Load/Save RF Kill Switch Status /dev/rfkill Watch.
[[0;32m  OK  [0m] Started LSB: AppArmor initialization.
[   32.212841] cloud-init[498]: Cloud-init v. 18.2 running 'init-local' at Tue, 19 Jun 2018 15:36:58 +0000. Up 31.35 seconds.
[[0;32m  OK  [0m] Started Initial cloud-init job (pre-networking).
[[0;32m  OK  [0m] Reached target Network (Pre).
         Starting Raise network interfaces...
[[0m[0;31m*     [0m] (1 of 2) A start job is running for...work interfaces (20s / 5min 15s)[K[[0;32m  OK  [0m] Started Set console font and keymap.
[[0;32m  OK  [0m] Created slice system-getty.slice.
[[0;32m  OK  [0m] Started Raise network interfaces.
[[0;32m  OK  [0m] Reached target Network.
         Starting Initial cloud-init job (metadata service crawler)...
[   50.866769] cloud-init[959]: Cloud-init v. 18.2 running 'init' at Tue, 19 Jun 2018 15:37:17 +0000. Up 49.59 seconds.
[   50.905766] cloud-init[959]: ci-info: +++++++++++++++++++++++++++++++++++++Net device info++++++++++++++++++++++++++++++++++++++
[   50.949831] cloud-init[959]: ci-info: +--------+------+----------------------------+---------------+-------+-------------------+
[   50.992652] cloud-init[959]: ci-info: | Device |  Up  |          Address           |      Mask     | Scope |     Hw-Address    |
[   51.032277] cloud-init[959]: ci-info: +--------+------+----------------------------+---------------+-------+-------------------+
[   51.075082] cloud-init[959]: ci-info: | enp0s3 | True |         10.0.2.15          | 255.255.255.0 |   .   | 02:e4:ac:f5:39:a9 |
[   51.114399] cloud-init[959]: ci-info: | enp0s3 | True | fe80::e4:acff:fef5:39a9/64 |       .       |  link | 02:e4:ac:f5:39:a9 |
[   51.155831] cloud-init[959]: ci-info: |   lo   | True |         127.0.0.1          |   255.0.0.0   |   .   |         .         |
[   51.196901] cloud-init[959]: ci-info: |   lo   | True |          ::1/128           |       .       |  host |         .         |
[[0;32m  OK  [0m] Started Initial cloud-init job (metadata service crawler).
[   51.235776] cloud-init[959]: ci-info: +--------+------+----------------------------+---------------+-------+-------------------+
[   51.306432] cloud-init[959]: ci-info: +++++++++++++++++++++++++++Route IPv4 info++++++++++++++++++++++++++++
[   51.341115] cloud-init[959]: ci-info: +-------+-------------+----------+---------------+-----------+-------+
[   51.375509] cloud-init[959]: ci-info: | Route | Destination | Gateway  |    Genmask    | Interface | Flags |
[   51.411301] cloud-init[959]: ci-info: +-------+-------------+----------+---------------+-----------+-------+
[   51.440115] cloud-init[959]: ci-info: |   0   |   0.0.0.0   | 10.0.2.2 |    0.0.0.0    |   enp0s3  |   UG  |
[   51.440167] cloud-init[959]: ci-info: |   1   |   10.0.2.0  | 0.0.0.0  | 255.255.255.0 |   enp0s3  |   U   |
[   51.440456] cloud-init[959]: ci-info: +-------+-------------+----------+---------------+-----------+-------+
[   51.440495] cloud-init[959]: Generating public/private rsa key pair.
[   51.440530] cloud-init[959]: Your identification has been saved in /etc/ssh/ssh_host_rsa_key.
[[0;32m  OK  [0m] Reached target Cloud-config availability.
[   51.440564] cloud-init[959]: Your public key has been saved in /etc/ssh/ssh_host_rsa_key.pub.
[[0;32m  OK  [0m] Reached target Network is Online.
[   51.595015] cloud-init[959]: The key fingerprint is:
[   51.642502] cloud-init[959]: SHA256:7wxXEQNSc7/r/Y0nL3KME7cK1DzSGrmdQILFiD2YQUg root@ubuntu-xenial
[   51.679026] cloud-init[959]: The key's randomart image is:
[   51.689580] cloud-init[959]: +---[RSA 2048]----+
[   51.689656] cloud-init[959]: | .Eoo* oo.+.+    |
[   51.689729] cloud-init[959]: |  . + +o.. o +   |
[   51.689786] cloud-init[959]: |      ... . . .  |
[   51.689839] cloud-init[959]: |         o = . . |
[   51.690079] cloud-init[959]: |        S * * .  |
[   51.697143] cloud-init[959]: |         o O.o.. |
[   51.697231] cloud-init[959]: |        . * o=.. |
[   51.697302] cloud-init[959]: |         = .+.*oo|
[   51.697363] cloud-init[959]: |          o .=o=*|
         Starting iSCSI initiator daemon (iscsid)...
[   51.703528] cloud-init[959]: +----[SHA256]-----+
[   51.879983] cloud-init[959]: Generating public/private dsa key pair.
[   51.888696] cloud-init[959]: Your identification has been saved in /etc/ssh/ssh_host_dsa_key.
[   51.892170] cloud-init[959]: Your public key has been saved in /etc/ssh/ssh_host_dsa_key.pub.
[   51.892456] cloud-init[959]: The key fingerprint is:
[   51.892501] cloud-init[959]: SHA256:r2ZxzJDLK72JVYri5g5SZgl6metU4f0EkmSMbL5E1DA root@ubuntu-xenial
[   51.892678] cloud-init[959]: The key's randomart image is:
[   51.892714] cloud-init[959]: +---[DSA 1024]----+
[   51.892747] cloud-init[959]: | oE=o            |
[   51.892779] cloud-init[959]: |  =+o.           |
[   51.892817] cloud-init[959]: |.+  + .  .       |
[   51.892851] cloud-init[959]: |..o= + .o        |
[   51.892883] cloud-init[959]: |..O.o ..S=.      |
[   51.892917] cloud-init[959]: | =.o   ++++      |
[   51.892950] cloud-init[959]: |. + . ..++.      |
[   51.892983] cloud-init[959]: | + o...o=o       |
[   51.893156] cloud-init[959]: |  .++ .++.       |
[   51.893196] cloud-init[959]: +----[SHA256]-----+
[   51.893229] cloud-init[959]: Generating public/private ecdsa key pair.
[   51.893262] cloud-init[959]: Your identification has been saved in /etc/ssh/ssh_host_ecdsa_key.
[   51.893296] cloud-init[959]: Your public key has been saved in /etc/ssh/ssh_host_ecdsa_key.pub.
[   51.893330] cloud-init[959]: The key fingerprint is:
[   51.893367] cloud-init[959]: SHA256:C6eLyNX6bVGMPN9VXUylbrMBI/6eOZFjt7wvoqE8dNQ root@ubuntu-xenial
[   51.893399] cloud-init[959]: The key's randomart image is:
[   51.897145] cloud-init[959]: +---[ECDSA 256]---+
[   51.900648] cloud-init[959]: |               oB|
[   51.907873] cloud-init[959]: |               .+|
[   51.926230] cloud-init[959]: |       . o..o .. |
[   51.930824] cloud-init[959]: |        +.+.E+.  |
[   51.939316] cloud-init[959]: |      . S=.. o=  |
[   51.948517] cloud-init[959]: |     . +o.o.*..+ |
[   51.951843] cloud-init[959]: |    . o..o...=.. |
[   51.976420] cloud-init[959]: | . o o +o. ooo+  |
[   51.976493] cloud-init[959]: |  o o.o.+...+o.+.|
[   51.979833] cloud-init[959]: +----[SHA256]-----+
[   52.000381] cloud-init[959]: Generating public/private ed25519 key pair.
[   52.003736] cloud-init[959]: Your identification has been saved in /etc/ssh/ssh_host_ed25519_key.
[   52.027864] cloud-init[959]: Your public key has been saved in /etc/ssh/ssh_host_ed25519_key.pub.
[   52.044374] cloud-init[959]: The key fingerprint is:
[   52.047609] cloud-init[959]: SHA256:o24ntnG07nfChyIdqYa4SJuBhV2SOXCXenW1bPRUvgQ root@ubuntu-xenial
[   52.079828] cloud-init[959]: The key's randomart image is:
[   52.103328] cloud-init[959]: +--[ED25519 256]--+
[   52.123838] cloud-init[959]: |. . ..   .o E..  |
[   52.163838] cloud-init[959]: | o +. . .o + o   |
[   52.209535] cloud-init[959]: |  =... .  + . o  |
[   52.219938] cloud-init[959]: | o.+.    .   . . |
[   52.244483] cloud-init[959]: |. o.    S.    .  |
[   52.247922] cloud-init[959]: |..     ooo       |
[   52.267603] cloud-init[959]: |.o . .oooo .     |
[   52.288954] cloud-init[959]: |..= ..B++ = o    |
[   52.289012] cloud-init[959]: |.o.. +o*oo +     |
[   52.289047] cloud-init[959]: +----[SHA256]-----+
[[0;32m  OK  [0m] Reached target System Initialization.
[[0;32m  OK  [0m] Listening on D-Bus System Message Bus Socket.
[[0;32m  OK  [0m] Started Daily Cleanup of Temporary Directories.
         Starting Socket activation for snappy daemon.
[[0;32m  OK  [0m] Listening on ACPID Listen Socket.
[[0;32m  OK  [0m] Started ACPI Events Check.
[[0;32m  OK  [0m] Reached target Paths.
[[0;32m  OK  [0m] Listening on UUID daemon activation socket.
[[0;32m  OK  [0m] Started Daily apt download activities.
[[0;32m  OK  [0m] Started Daily apt upgrade and clean activities.
[[0;32m  OK  [0m] Reached target Timers.
         Starting LXD - unix socket.
[[0;32m  OK  [0m] Listening on Socket activation for snappy daemon.
[[0;32m  OK  [0m] Listening on LXD - unix socket.
[[0;32m  OK  [0m] Started iSCSI initiator daemon (iscsid).
         Starting Login to default iSCSI targets...
[[0;32m  OK  [0m] Reached target Sockets.
[[0;32m  OK  [0m] Reached target Basic System.
         Starting /etc/rc.local Compatibility...
         Starting Virtualbox guest utils...
         Starting System Logging Service...
[[0;32m  OK  [0m] Started Regular background program processing daemon.
         Starting Pollinate to seed the pseudo random number generator...
         Starting LSB: MD monitoring daemon...
         Starting Login Service...
[[0;32m  OK  [0m] Started D-Bus System Message Bus.
         Starting LSB: Record successful boot for GRUB...
[[0;32m  OK  [0m] Started ACPI event daemon.
         Starting Accounts Service...
[[0;32m  OK  [0m] Started Unattended Upgrades Shutdown.
[[0;32m  OK  [0m] Started Deferred execution scheduler.
         Starting LXD - container startup/shutdown...
         Starting Apply the settings specified in cloud-config...
[[0;32m  OK  [0m] Started FUSE filesystem for LXC.
         Starting Snappy daemon...
[[0;32m  OK  [0m] Started System Logging Service.
[[0;32m  OK  [0m] Started /etc/rc.local Compatibility.
[[0;32m  OK  [0m] Started LXD - container startup/shutdown.
[[0;32m  OK  [0m] Started Login to default iSCSI targets.
[[0;32m  OK  [0m] Started LSB: MD monitoring daemon.
[[0;32m  OK  [0m] Started Snappy daemon.
[[0;32m  OK  [0m] Started LSB: Record successful boot for GRUB.
[[0;32m  OK  [0m] Started Pollinate to seed the pseudo random number generator.
[[0;32m  OK  [0m] Started Login Service.
         Starting OpenBSD Secure Shell server...
         Starting Authenticate and Authorize Users to Run Privileged Tasks...
         Starting Wait until snapd is fully seeded...
[[0;32m  OK  [0m] Reached target Remote File Systems (Pre).
[[0;32m  OK  [0m] Reached target Remote File Systems.
         Starting LSB: automatic crash report generation...
         Starting LSB: daemon to balance interrupts for SMP systems...
         Starting Permit User Sessions...
         Starting LSB: Set the CPU Frequency Scaling governor to "ondemand"...
[[0;32m  OK  [0m] Started OpenBSD Secure Shell server.
[[0;32m  OK  [0m] Started Virtualbox guest utils.
[[0;32m  OK  [0m] Started Permit User Sessions.
[[0;32m  OK  [0m] Started Authenticate and Authorize Users to Run Privileged Tasks.
[[0;32m  OK  [0m] Started Accounts Service.
         Starting Hold until boot process finishes up...
         Starting Terminate Plymouth Boot Screen...
[[0;32m  OK  [0m] Started LSB: automatic crash report generation.
[[0;32m  OK  [0m] Started LSB: daemon to balance interrupts for SMP systems.
[[0;32m  OK  [0m] Started LSB: Set the CPU Frequency Scaling governor to "ondemand".
[[0;32m  OK  [0m] Started Hold until boot process finishes up.
[[0;32m  OK  [0m] Started Terminate Plymouth Boot Screen.
[[0;32m  OK  [0m] Started Getty on tty1.
         Starting Set console scheme...
[[0;32m  OK  [0m] Started Serial Getty on ttyS0.
[[0;32m  OK  [0m] Reached target Login Prompts.
[[0;32m  OK  [0m] Started Set console scheme.
[[0;32m  OK  [0m] Started Wait until snapd is fully seeded.
[[0;32m  OK  [0m] Reached target Multi-User System.
[[0;32m  OK  [0m] Reached target Graphical Interface.
[   55.932634] cloud-init[1138]: Generating locales (this might take a while)...
         Starting Update UTMP about System Runlevel Changes...
[[0;32m  OK  [0m] Started Update UTMP about System Runlevel Changes.
[   57.394854] cloud-init[1138]:   en_US.UTF-8... done
[   57.418273] cloud-init[1138]: Generation complete.
[   58.025155] cloud-init[1138]: Cloud-init v. 18.2 running 'modules:config' at Tue, 19 Jun 2018 15:37:23 +0000. Up 55.49 seconds.
[[0;32m  OK  [0m] Started Apply the settings specified in cloud-config.
         Starting Execute cloud user/final scripts...
[[0;32m  OK  [0m] Created slice User Slice of vagrant.
         Starting User Manager for UID 1000...
[[0;32m  OK  [0m] Started Session 1 of user vagrant.
[[0;32m  OK  [0m] Started User Manager for UID 1000.
ci-info: no authorized ssh keys fingerprints found for user ubuntu.
<14>Jun 19 15:37:26 ec2: 
<14>Jun 19 15:37:26 ec2: #############################################################
<14>Jun 19 15:37:26 ec2: -----BEGIN SSH HOST KEY FINGERPRINTS-----
<14>Jun 19 15:37:26 ec2: 1024 SHA256:r2ZxzJDLK72JVYri5g5SZgl6metU4f0EkmSMbL5E1DA root@ubuntu-xenial (DSA)
<14>Jun 19 15:37:26 ec2: 256 SHA256:C6eLyNX6bVGMPN9VXUylbrMBI/6eOZFjt7wvoqE8dNQ root@ubuntu-xenial (ECDSA)
<14>Jun 19 15:37:26 ec2: 256 SHA256:o24ntnG07nfChyIdqYa4SJuBhV2SOXCXenW1bPRUvgQ root@ubuntu-xenial (ED25519)
<14>Jun 19 15:37:26 ec2: 2048 SHA256:7wxXEQNSc7/r/Y0nL3KME7cK1DzSGrmdQILFiD2YQUg root@ubuntu-xenial (RSA)
<14>Jun 19 15:37:26 ec2: -----END SSH HOST KEY FINGERPRINTS-----
<14>Jun 19 15:37:26 ec2: #############################################################
-----BEGIN SSH HOST KEY KEYS-----
ecdsa-sha2-nistp256 AAAAE2VjZHNhLXNoYTItbmlzdHAyNTYAAAAIbmlzdHAyNTYAAABBBHRrys4RWVDkog8LBqvDr63dAHrGkwRaesVrP2gZAKuqEWaXRx/sAEu5iQWK0p/ovomfQbRga4uQ604RBWeus6s= root@ubuntu-xenial
ssh-ed25519 AAAAC3NzaC1lZDI1NTE5AAAAIOG3RnPcxZwSyAnuGx4l5GISZ+QNK4TB0evrjSUiA2J2 root@ubuntu-xenial
ssh-rsa AAAAB3NzaC1yc2EAAAADAQABAAABAQDHGRb7Stz88M68acxUlq7Xi7Q53tDRiVxT5z2ITCobZF8Jrj1NqQI4FZ9ajddMGjCrBY0V+3zSb/aByB2wJCsnCwxk4ZS3mJiBqfTEhO/6SO05Xdd/Ck8w06uNOpTlzdzjPK4fllu4YurQ0y+/jJPuzD//UyEanPnTAAireXMaXiVZ2wfY1SUQsES31YtqQEAOgbFDi075W01p/9+nciE2gUuGvalveVCCwynnwjMf8D8vFYXU1URC7ms50cfNQ0iNrHVhrK/+cnE/dOTIkcVsblg6bqCzwIB9cZoe6HbMggtJsxUDawIjPes2JQAUa1AOatxxKBgYE28eFckpk0zp root@ubuntu-xenial
-----END SSH HOST KEY KEYS-----
[   59.574235] cloud-init[1329]: Cloud-init v. 18.2 running 'modules:final' at Tue, 19 Jun 2018 15:37:26 +0000. Up 58.80 seconds.
[[0;32m  OK  [0m] Started Execute cloud user/final scripts.
[[0;32m  OK  [0m] Reached target Cloud-init target.
[   59.701384] cloud-init[1329]: ci-info: no authorized ssh keys fingerprints found for user ubuntu.
[   59.853049] cloud-init[1329]: Cloud-init v. 18.2 finished at Tue, 19 Jun 2018 15:37:27 +0000. Datasource DataSourceNoCloud [seed=/dev/sdb][dsmode=net].  Up 59.56 seconds

Ubuntu 16.04.4 LTS ubuntu-xenial ttyS0

ubuntu-xenial login: 